// Jest Snapshot v1, https://goo.gl/fbAQLP

exports[`Snapshot 1`] = `
{
  "Parameters": {
    "BootstrapVersion": {
      "Default": "/cdk-bootstrap/hnb659fds/version",
      "Description": "Version of the CDK Bootstrap resources in this environment, automatically retrieved from SSM Parameter Store. [cdk:skip]",
      "Type": "AWS::SSM::Parameter::Value<String>",
    },
  },
  "Resources": {
    "CredentialManagerNestedStackCredentialManagerNestedStackResource341E8524": {
      "DeletionPolicy": "Delete",
      "Properties": {
        "Tags": [
          {
            "Key": "GenetComponent",
            "Value": "CredentialManager",
          },
        ],
        "TemplateURL": {
          "Fn::Join": [
            "",
            [
              "https://s3.",
              {
                "Ref": "AWS::Region",
              },
              ".",
              {
                "Ref": "AWS::URLSuffix",
              },
              "/",
              {
                "Fn::Sub": "cdk-hnb659fds-assets-\${AWS::AccountId}-\${AWS::Region}",
              },
              "/ad713d4e978f839cee6211a8140e4fdc722fb58b487565a266e3f29573f8e052.json",
            ],
          ],
        },
      },
      "Type": "AWS::CloudFormation::Stack",
      "UpdateReplacePolicy": "Delete",
    },
    "InstallationManagerNestedStackInstallationManagerNestedStackResourceBB60C6B1": {
      "DeletionPolicy": "Delete",
      "Properties": {
        "Tags": [
          {
            "Key": "GenetComponent",
            "Value": "InstallationManager",
          },
        ],
        "TemplateURL": {
          "Fn::Join": [
            "",
            [
              "https://s3.",
              {
                "Ref": "AWS::Region",
              },
              ".",
              {
                "Ref": "AWS::URLSuffix",
              },
              "/",
              {
                "Fn::Sub": "cdk-hnb659fds-assets-\${AWS::AccountId}-\${AWS::Region}",
              },
              "/e9aa1c2a22ef3b492f1a21103200cecf7a84aee7235149d536ff4df4aa4fdd3f.json",
            ],
          ],
        },
      },
      "Type": "AWS::CloudFormation::Stack",
      "UpdateReplacePolicy": "Delete",
    },
  },
  "Rules": {
    "CheckBootstrapVersion": {
      "Assertions": [
        {
          "Assert": {
            "Fn::Not": [
              {
                "Fn::Contains": [
                  [
                    "1",
                    "2",
                    "3",
                    "4",
                    "5",
                  ],
                  {
                    "Ref": "BootstrapVersion",
                  },
                ],
              },
            ],
          },
          "AssertDescription": "CDK bootstrap stack version 6 required. Please run 'cdk bootstrap' with a recent version of the CDK CLI.",
        },
      ],
    },
  },
}
`;
